[debug] [2026-09-13T06:26:42.009Z] ----------------------------------------------------------------------
[debug] [2026-09-13T06:26:42.010Z] Command:       /opt/homebrew/Cellar/node/25.9.0_3/bin/node /opt/homebrew/bin/firebase deploy --only apphosting --project dna-genie --non-interactive --force
[debug] [2026-09-13T06:26:42.010Z] CLI Version:   15.16.0
[debug] [2026-09-13T06:26:42.010Z] Platform:      darwin
[debug] [2026-09-13T06:26:42.010Z] Node Version:  v25.9.0
[debug] [2026-09-13T06:26:42.010Z] Time:          Sat Sep 12 2026 23:26:42 GMT-0700 (Pacific Daylight Time)
[debug] [2026-09-13T06:26:42.010Z] ----------------------------------------------------------------------
[debug] 
[debug] [2026-09-13T06:26:42.279Z] > command requires scopes: ["email","openid","https://www.googleapis.com/auth/cloudplatformprojects.readonly","https://www.googleapis.com/auth/firebase","https://www.googleapis.com/auth/cloud-platform"]
[debug] [2026-09-13T06:26:42.280Z] > authorizing via signed-in user (talal.nabulsi5@gmail.com)
[debug] [2026-09-13T06:26:42.280Z] [iam] checking project dna-genie for permissions ["firebase.projects.get"]
[debug] [2026-09-13T06:26:42.280Z] Checked if tokens are valid: false, expires at: 1789243715830
[debug] [2026-09-13T06:26:42.280Z] Checked if tokens are valid: false, expires at: 1789243715830
[debug] [2026-09-13T06:26:42.280Z] > refreshing access token with scopes: []
[debug] [2026-09-13T06:26:42.281Z] >>> [apiv2][query] POST https://www.googleapis.com/oauth2/v3/token [none]
[debug] [2026-09-13T06:26:42.281Z] >>> [apiv2][body] POST https://www.googleapis.com/oauth2/v3/token [omitted]
[debug] [2026-09-13T06:26:42.465Z] <<< [apiv2][status] POST https://www.googleapis.com/oauth2/v3/token 200
[debug] [2026-09-13T06:26:42.465Z] <<< [apiv2][body] POST https://www.googleapis.com/oauth2/v3/token [omitted]
[debug] [2026-09-13T06:26:42.474Z] >>> [apiv2][query] POST https://cloudresourcemanager.googleapis.com/v1/projects/dna-genie:testIamPermissions [none]
[debug] [2026-09-13T06:26:42.474Z] >>> [apiv2][(partial)header] POST https://cloudresourcemanager.googleapis.com/v1/projects/dna-genie:testIamPermissions  x-goog-user-project=dna-genie
[debug] [2026-09-13T06:26:42.474Z] >>> [apiv2][body] POST https://cloudresourcemanager.googleapis.com/v1/projects/dna-genie:testIamPermissions {"permissions":["firebase.projects.get"]}
[debug] [2026-09-13T06:26:42.625Z] <<< [apiv2][status] POST https://cloudresourcemanager.googleapis.com/v1/projects/dna-genie:testIamPermissions 200
[debug] [2026-09-13T06:26:42.625Z] <<< [apiv2][body] POST https://cloudresourcemanager.googleapis.com/v1/projects/dna-genie:testIamPermissions {"permissions":["firebase.projects.get"]}
[info] 
[info] === Deploying to 'dna-genie'...
[info] 
[info] i  deploying apphosting 
[debug] [2026-09-13T06:26:42.627Z] Checked if tokens are valid: true, expires at: 1789284401465
[debug] [2026-09-13T06:26:42.627Z] Checked if tokens are valid: true, expires at: 1789284401465
[debug] [2026-09-13T06:26:42.627Z] Checked if tokens are valid: true, expires at: 1789284401465
[debug] [2026-09-13T06:26:42.627Z] Checked if tokens are valid: true, expires at: 1789284401465
[debug] [2026-09-13T06:26:42.627Z] Checked if tokens are valid: true, expires at: 1789284401465
[debug] [2026-09-13T06:26:42.627Z] Checked if tokens are valid: true, expires at: 1789284401465
[debug] [2026-09-13T06:26:42.627Z] Checked if tokens are valid: true, expires at: 1789284401465
[debug] [2026-09-13T06:26:42.627Z] Checked if tokens are valid: true, expires at: 1789284401465
[debug] [2026-09-13T06:26:42.627Z] Checked if tokens are valid: true, expires at: 1789284401465
[debug] [2026-09-13T06:26:42.627Z] Checked if tokens are valid: true, expires at: 1789284401465
[debug] [2026-09-13T06:26:42.627Z] Checked if tokens are valid: true, expires at: 1789284401465
[debug] [2026-09-13T06:26:42.627Z] Checked if tokens are valid: true, expires at: 1789284401465
[debug] [2026-09-13T06:26:42.627Z] >>> [apiv2][query] GET https://serviceusage.googleapis.com/v1/projects/dna-genie/services/developerconnect.googleapis.com [none]
[debug] [2026-09-13T06:26:42.627Z] >>> [apiv2][(partial)header] GET https://serviceusage.googleapis.com/v1/projects/dna-genie/services/developerconnect.googleapis.com  x-goog-user-project=dna-genie
[debug] [2026-09-13T06:26:42.628Z] >>> [apiv2][query] GET https://serviceusage.googleapis.com/v1/projects/dna-genie/services/cloudbuild.googleapis.com [none]
[debug] [2026-09-13T06:26:42.628Z] >>> [apiv2][(partial)header] GET https://serviceusage.googleapis.com/v1/projects/dna-genie/services/cloudbuild.googleapis.com  x-goog-user-project=dna-genie
[debug] [2026-09-13T06:26:42.628Z] >>> [apiv2][query] GET https://serviceusage.googleapis.com/v1/projects/dna-genie/services/secretmanager.googleapis.com [none]
[debug] [2026-09-13T06:26:42.628Z] >>> [apiv2][(partial)header] GET https://serviceusage.googleapis.com/v1/projects/dna-genie/services/secretmanager.googleapis.com  x-goog-user-project=dna-genie
[debug] [2026-09-13T06:26:42.629Z] >>> [apiv2][query] GET https://serviceusage.googleapis.com/v1/projects/dna-genie/services/run.googleapis.com [none]
[debug] [2026-09-13T06:26:42.629Z] >>> [apiv2][(partial)header] GET https://serviceusage.googleapis.com/v1/projects/dna-genie/services/run.googleapis.com  x-goog-user-project=dna-genie
[debug] [2026-09-13T06:26:42.629Z] >>> [apiv2][query] GET https://serviceusage.googleapis.com/v1/projects/dna-genie/services/artifactregistry.googleapis.com [none]
[debug] [2026-09-13T06:26:42.629Z] >>> [apiv2][(partial)header] GET https://serviceusage.googleapis.com/v1/projects/dna-genie/services/artifactregistry.googleapis.com  x-goog-user-project=dna-genie
[debug] [2026-09-13T06:26:42.629Z] >>> [apiv2][query] GET https://serviceusage.googleapis.com/v1/projects/dna-genie/services/iam.googleapis.com [none]
[debug] [2026-09-13T06:26:42.629Z] >>> [apiv2][(partial)header] GET https://serviceusage.googleapis.com/v1/projects/dna-genie/services/iam.googleapis.com  x-goog-user-project=dna-genie
[debug] [2026-09-13T06:26:42.921Z] <<< [apiv2][status] GET https://serviceusage.googleapis.com/v1/projects/dna-genie/services/cloudbuild.googleapis.com 200
[debug] [2026-09-13T06:26:42.921Z] <<< [apiv2][body] GET https://serviceusage.googleapis.com/v1/projects/dna-genie/services/cloudbuild.googleapis.com [omitted]
[debug] [2026-09-13T06:26:43.049Z] <<< [apiv2][status] GET https://serviceusage.googleapis.com/v1/projects/dna-genie/services/secretmanager.googleapis.com 200
[debug] [2026-09-13T06:26:43.050Z] <<< [apiv2][body] GET https://serviceusage.googleapis.com/v1/projects/dna-genie/services/secretmanager.googleapis.com [omitted]
[debug] [2026-09-13T06:26:43.057Z] <<< [apiv2][status] GET https://serviceusage.googleapis.com/v1/projects/dna-genie/services/developerconnect.googleapis.com 200
[debug] [2026-09-13T06:26:43.058Z] <<< [apiv2][body] GET https://serviceusage.googleapis.com/v1/projects/dna-genie/services/developerconnect.googleapis.com [omitted]
[debug] [2026-09-13T06:26:43.065Z] <<< [apiv2][status] GET https://serviceusage.googleapis.com/v1/projects/dna-genie/services/artifactregistry.googleapis.com 200
[debug] [2026-09-13T06:26:43.065Z] <<< [apiv2][body] GET https://serviceusage.googleapis.com/v1/projects/dna-genie/services/artifactregistry.googleapis.com [omitted]
[debug] [2026-09-13T06:26:43.076Z] <<< [apiv2][status] GET https://serviceusage.googleapis.com/v1/projects/dna-genie/services/run.googleapis.com 200
[debug] [2026-09-13T06:26:43.076Z] <<< [apiv2][body] GET https://serviceusage.googleapis.com/v1/projects/dna-genie/services/run.googleapis.com [omitted]
[debug] [2026-09-13T06:26:43.081Z] <<< [apiv2][status] GET https://serviceusage.googleapis.com/v1/projects/dna-genie/services/iam.googleapis.com 200
[debug] [2026-09-13T06:26:43.081Z] <<< [apiv2][body] GET https://serviceusage.googleapis.com/v1/projects/dna-genie/services/iam.googleapis.com [omitted]
[debug] [2026-09-13T06:26:43.086Z] Checked if tokens are valid: true, expires at: 1789284401465
[debug] [2026-09-13T06:26:43.086Z] Checked if tokens are valid: true, expires at: 1789284401465
[debug] [2026-09-13T06:26:43.086Z] >>> [apiv2][query] POST https://iam.googleapis.com/v1/projects/dna-genie/serviceAccounts/firebase-app-hosting-compute@dna-genie.iam.gserviceaccount.com:testIamPermissions [none]
[debug] [2026-09-13T06:26:43.086Z] >>> [apiv2][(partial)header] POST https://iam.googleapis.com/v1/projects/dna-genie/serviceAccounts/firebase-app-hosting-compute@dna-genie.iam.gserviceaccount.com:testIamPermissions  x-goog-user-project=dna-genie
[debug] [2026-09-13T06:26:43.086Z] >>> [apiv2][body] POST https://iam.googleapis.com/v1/projects/dna-genie/serviceAccounts/firebase-app-hosting-compute@dna-genie.iam.gserviceaccount.com:testIamPermissions {"permissions":["iam.serviceAccounts.actAs"]}
[debug] [2026-09-13T06:26:43.283Z] <<< [apiv2][status] POST https://iam.googleapis.com/v1/projects/dna-genie/serviceAccounts/firebase-app-hosting-compute@dna-genie.iam.gserviceaccount.com:testIamPermissions 200
[debug] [2026-09-13T06:26:43.283Z] <<< [apiv2][body] POST https://iam.googleapis.com/v1/projects/dna-genie/serviceAccounts/firebase-app-hosting-compute@dna-genie.iam.gserviceaccount.com:testIamPermissions {"permissions":["iam.serviceAccounts.actAs"]}
[debug] [2026-09-13T06:26:43.284Z] Checked if tokens are valid: true, expires at: 1789284401465
[debug] [2026-09-13T06:26:43.284Z] Checked if tokens are valid: true, expires at: 1789284401465
[debug] [2026-09-13T06:26:43.284Z] >>> [apiv2][query] POST https://iam.googleapis.com/v1/projects/dna-genie/serviceAccounts [none]
[debug] [2026-09-13T06:26:43.284Z] >>> [apiv2][body] POST https://iam.googleapis.com/v1/projects/dna-genie/serviceAccounts {"accountId":"firebase-app-hosting-compute","serviceAccount":{"displayName":"Firebase App Hosting compute service account","description":"Default service account used to run builds and deploys for Firebase App Hosting"}}
[debug] [2026-09-13T06:26:43.577Z] <<< [apiv2][status] POST https://iam.googleapis.com/v1/projects/dna-genie/serviceAccounts 409
[debug] [2026-09-13T06:26:43.577Z] <<< [apiv2][body] POST https://iam.googleapis.com/v1/projects/dna-genie/serviceAccounts [omitted]
[debug] [2026-09-13T06:26:43.578Z] Checked if tokens are valid: true, expires at: 1789284401465
[debug] [2026-09-13T06:26:43.578Z] Checked if tokens are valid: true, expires at: 1789284401465
[debug] [2026-09-13T06:26:43.578Z] >>> [apiv2][query] POST https://cloudresourcemanager.googleapis.com/v1/projects/dna-genie:getIamPolicy [none]
[debug] [2026-09-13T06:26:43.742Z] <<< [apiv2][status] POST https://cloudresourcemanager.googleapis.com/v1/projects/dna-genie:getIamPolicy 200
[debug] [2026-09-13T06:26:43.742Z] <<< [apiv2][body] POST https://cloudresourcemanager.googleapis.com/v1/projects/dna-genie:getIamPolicy {"version":1,"etag":"BwZLoNKanoE=","bindings":[{"role":"roles/artifactregistry.serviceAgent","members":["serviceAccount:service-308098853164@gcp-sa-artifactregistry.iam.gserviceaccount.com"]},{"role":"roles/cloudbuild.builds.builder","members":["serviceAccount:308098853164@cloudbuild.gserviceaccount.com"]},{"role":"roles/cloudbuild.serviceAgent","members":["serviceAccount:service-308098853164@gcp-sa-cloudbuild.iam.gserviceaccount.com"]},{"role":"roles/containerregistry.ServiceAgent","members":["serviceAccount:service-308098853164@containerregistry.iam.gserviceaccount.com"]},{"role":"roles/datastore.user","members":["serviceAccount:firebase-app-hosting-compute@dna-genie.iam.gserviceaccount.com"]},{"role":"roles/developerconnect.serviceAgent","members":["serviceAccount:service-308098853164@gcp-sa-devconnect.iam.gserviceaccount.com"]},{"role":"roles/editor","members":["serviceAccount:308098853164-compute@developer.gserviceaccount.com"]},{"role":"roles/firebase.managementServiceAgent","members":["serviceAccount:service-308098853164@gcp-sa-firebase.iam.gserviceaccount.com"]},{"role":"roles/firebase.sdkAdminServiceAgent","members":["serviceAccount:firebase-adminsdk-fbsvc@dna-genie.iam.gserviceaccount.com","serviceAccount:firebase-app-hosting-compute@dna-genie.iam.gserviceaccount.com"]},{"role":"roles/firebaseapphosting.computeRunner","members":["serviceAccount:firebase-app-hosting-compute@dna-genie.iam.gserviceaccount.com"]},{"role":"roles/firebaseapphosting.serviceAgent","members":["serviceAccount:service-308098853164@gcp-sa-firebaseapphosting.iam.gserviceaccount.com"]},{"role":"roles/firebaseauth.admin","members":["serviceAccount:firebase-adminsdk-fbsvc@dna-genie.iam.gserviceaccount.com"]},{"role":"roles/firebaserules.system","members":["serviceAccount:service-308098853164@firebase-rules.iam.gserviceaccount.com"]},{"role":"roles/firestore.serviceAgent","members":["serviceAccount:service-308098853164@gcp-sa-firestore.iam.gserviceaccount.com"]},{"role":"roles/iam.serviceAccountTokenCreator","members":["serviceAccount:firebase-adminsdk-fbsvc@dna-genie.iam.gserviceaccount.com"]},{"role":"roles/owner","members":["user:talal.nabulsi5@gmail.com"]},{"role":"roles/run.invoker","members":["serviceAccount:firebase-app-hosting-compute@dna-genie.iam.gserviceaccount.com"]},{"role":"roles/run.serviceAgent","members":["serviceAccount:service-308098853164@serverless-robot-prod.iam.gserviceaccount.com"]},{"role":"roles/secretmanager.admin","members":["serviceAccount:service-308098853164@gcp-sa-devconnect.iam.gserviceaccount.com"]}]}
[debug] [2026-09-13T06:26:43.742Z] Checked if tokens are valid: true, expires at: 1789284401465
[debug] [2026-09-13T06:26:43.742Z] Checked if tokens are valid: true, expires at: 1789284401465
[debug] [2026-09-13T06:26:43.742Z] >>> [apiv2][query] POST https://cloudresourcemanager.googleapis.com/v1/projects/dna-genie:setIamPolicy [none]
[debug] [2026-09-13T06:26:43.743Z] >>> [apiv2][body] POST https://cloudresourcemanager.googleapis.com/v1/projects/dna-genie:setIamPolicy {"policy":{"version":1,"etag":"BwZLoNKanoE=","bindings":[{"role":"roles/artifactregistry.serviceAgent","members":["serviceAccount:service-308098853164@gcp-sa-artifactregistry.iam.gserviceaccount.com"]},{"role":"roles/cloudbuild.builds.builder","members":["serviceAccount:308098853164@cloudbuild.gserviceaccount.com"]},{"role":"roles/cloudbuild.serviceAgent","members":["serviceAccount:service-308098853164@gcp-sa-cloudbuild.iam.gserviceaccount.com"]},{"role":"roles/containerregistry.ServiceAgent","members":["serviceAccount:service-308098853164@containerregistry.iam.gserviceaccount.com"]},{"role":"roles/datastore.user","members":["serviceAccount:firebase-app-hosting-compute@dna-genie.iam.gserviceaccount.com"]},{"role":"roles/developerconnect.serviceAgent","members":["serviceAccount:service-308098853164@gcp-sa-devconnect.iam.gserviceaccount.com"]},{"role":"roles/editor","members":["serviceAccount:308098853164-compute@developer.gserviceaccount.com"]},{"role":"roles/firebase.managementServiceAgent","members":["serviceAccount:service-308098853164@gcp-sa-firebase.iam.gserviceaccount.com"]},{"role":"roles/firebase.sdkAdminServiceAgent","members":["serviceAccount:firebase-adminsdk-fbsvc@dna-genie.iam.gserviceaccount.com","serviceAccount:firebase-app-hosting-compute@dna-genie.iam.gserviceaccount.com"]},{"role":"roles/firebaseapphosting.computeRunner","members":["serviceAccount:firebase-app-hosting-compute@dna-genie.iam.gserviceaccount.com"]},{"role":"roles/firebaseapphosting.serviceAgent","members":["serviceAccount:service-308098853164@gcp-sa-firebaseapphosting.iam.gserviceaccount.com"]},{"role":"roles/firebaseauth.admin","members":["serviceAccount:firebase-adminsdk-fbsvc@dna-genie.iam.gserviceaccount.com"]},{"role":"roles/firebaserules.system","members":["serviceAccount:service-308098853164@firebase-rules.iam.gserviceaccount.com"]},{"role":"roles/firestore.serviceAgent","members":["serviceAccount:service-308098853164@gcp-sa-firestore.iam.gserviceaccount.com"]},{"role":"roles/iam.serviceAccountTokenCreator","members":["serviceAccount:firebase-adminsdk-fbsvc@dna-genie.iam.gserviceaccount.com"]},{"role":"roles/owner","members":["user:talal.nabulsi5@gmail.com"]},{"role":"roles/run.invoker","members":["serviceAccount:firebase-app-hosting-compute@dna-genie.iam.gserviceaccount.com"]},{"role":"roles/run.serviceAgent","members":["serviceAccount:service-308098853164@serverless-robot-prod.iam.gserviceaccount.com"]},{"role":"roles/secretmanager.admin","members":["serviceAccount:service-308098853164@gcp-sa-devconnect.iam.gserviceaccount.com"]},{"role":"roles/developerconnect.readTokenAccessor","members":["serviceAccount:firebase-app-hosting-compute@dna-genie.iam.gserviceaccount.com"]},{"role":"roles/storage.objectViewer","members":["serviceAccount:firebase-app-hosting-compute@dna-genie.iam.gserviceaccount.com"]}]},"updateMask":"bindings"}
[debug] [2026-09-13T06:26:44.438Z] <<< [apiv2][status] POST https://cloudresourcemanager.googleapis.com/v1/projects/dna-genie:setIamPolicy 200
[debug] [2026-09-13T06:26:44.438Z] <<< [apiv2][body] POST https://cloudresourcemanager.googleapis.com/v1/projects/dna-genie:setIamPolicy {"version":1,"etag":"BwZbV2bAMuE=","bindings":[{"role":"roles/artifactregistry.serviceAgent","members":["serviceAccount:service-308098853164@gcp-sa-artifactregistry.iam.gserviceaccount.com"]},{"role":"roles/cloudbuild.builds.builder","members":["serviceAccount:308098853164@cloudbuild.gserviceaccount.com"]},{"role":"roles/cloudbuild.serviceAgent","members":["serviceAccount:service-308098853164@gcp-sa-cloudbuild.iam.gserviceaccount.com"]},{"role":"roles/containerregistry.ServiceAgent","members":["serviceAccount:service-308098853164@containerregistry.iam.gserviceaccount.com"]},{"role":"roles/datastore.user","members":["serviceAccount:firebase-app-hosting-compute@dna-genie.iam.gserviceaccount.com"]},{"role":"roles/developerconnect.readTokenAccessor","members":["serviceAccount:firebase-app-hosting-compute@dna-genie.iam.gserviceaccount.com"]},{"role":"roles/developerconnect.serviceAgent","members":["serviceAccount:service-308098853164@gcp-sa-devconnect.iam.gserviceaccount.com"]},{"role":"roles/editor","members":["serviceAccount:308098853164-compute@developer.gserviceaccount.com"]},{"role":"roles/firebase.managementServiceAgent","members":["serviceAccount:service-308098853164@gcp-sa-firebase.iam.gserviceaccount.com"]},{"role":"roles/firebase.sdkAdminServiceAgent","members":["serviceAccount:firebase-adminsdk-fbsvc@dna-genie.iam.gserviceaccount.com","serviceAccount:firebase-app-hosting-compute@dna-genie.iam.gserviceaccount.com"]},{"role":"roles/firebaseapphosting.computeRunner","members":["serviceAccount:firebase-app-hosting-compute@dna-genie.iam.gserviceaccount.com"]},{"role":"roles/firebaseapphosting.serviceAgent","members":["serviceAccount:service-308098853164@gcp-sa-firebaseapphosting.iam.gserviceaccount.com"]},{"role":"roles/firebaseauth.admin","members":["serviceAccount:firebase-adminsdk-fbsvc@dna-genie.iam.gserviceaccount.com"]},{"role":"roles/firebaserules.system","members":["serviceAccount:service-308098853164@firebase-rules.iam.gserviceaccount.com"]},{"role":"roles/firestore.serviceAgent","members":["serviceAccount:service-308098853164@gcp-sa-firestore.iam.gserviceaccount.com"]},{"role":"roles/iam.serviceAccountTokenCreator","members":["serviceAccount:firebase-adminsdk-fbsvc@dna-genie.iam.gserviceaccount.com"]},{"role":"roles/owner","members":["user:talal.nabulsi5@gmail.com"]},{"role":"roles/run.invoker","members":["serviceAccount:firebase-app-hosting-compute@dna-genie.iam.gserviceaccount.com"]},{"role":"roles/run.serviceAgent","members":["serviceAccount:service-308098853164@serverless-robot-prod.iam.gserviceaccount.com"]},{"role":"roles/secretmanager.admin","members":["serviceAccount:service-308098853164@gcp-sa-devconnect.iam.gserviceaccount.com"]},{"role":"roles/storage.objectViewer","members":["serviceAccount:firebase-app-hosting-compute@dna-genie.iam.gserviceaccount.com"]}]}
[debug] [2026-09-13T06:26:44.438Z] Checked if tokens are valid: true, expires at: 1789284401465
[debug] [2026-09-13T06:26:44.438Z] Checked if tokens are valid: true, expires at: 1789284401465
[debug] [2026-09-13T06:26:44.439Z] >>> [apiv2][query] GET https://firebaseapphosting.googleapis.com/v1beta/projects/dna-genie/locations/-/backends 
[debug] [2026-09-13T06:26:45.038Z] <<< [apiv2][status] GET https://firebaseapphosting.googleapis.com/v1beta/projects/dna-genie/locations/-/backends 200
[debug] [2026-09-13T06:26:45.038Z] <<< [apiv2][body] GET https://firebaseapphosting.googleapis.com/v1beta/projects/dna-genie/locations/-/backends {"backends":[{"name":"projects/dna-genie/locations/us-central1/backends/dna-genie","createTime":"2026-02-25T07:17:49.598628216Z","updateTime":"2026-05-22T19:22:02.410288Z","uri":"dna-genie--dna-genie.us-central1.hosted.app","managedResources":[{"runService":{"service":"projects/308098853164/locations/us-central1/services/dna-genie"}}],"codebase":{"repository":"projects/dna-genie/locations/us-central1/connections/dna-genie-github/gitRepositoryLinks/dna-genie-repo","rootDirectory":"/"},"uid":"d74a2e16-4b4e-4e5b-8602-6b7207ea8170","etag":"PTLR9pasE7i211VelYIHTEEhSIwQVkSyw1jHlz9AB0Q","reconciling":false,"servingLocality":"GLOBAL_ACCESS","serviceAccount":"firebase-app-hosting-compute@dna-genie.iam.gserviceaccount.com","appId":"1:308098853164:web:03cb861c213baee65f2489"}]}
[info] i  apphosting: Found backend(s) dna-genie 
[debug] [2026-09-13T06:26:45.038Z] Checked if tokens are valid: true, expires at: 1789284401465
[debug] [2026-09-13T06:26:45.038Z] Checked if tokens are valid: true, expires at: 1789284401465
[debug] [2026-09-13T06:26:45.038Z] >>> [apiv2][query] GET https://developerconnect.googleapis.com/v1/projects/dna-genie/locations/us-central1/connections/dna-genie-github/gitRepositoryLinks/dna-genie-repo [none]
[debug] [2026-09-13T06:26:45.403Z] <<< [apiv2][status] GET https://developerconnect.googleapis.com/v1/projects/dna-genie/locations/us-central1/connections/dna-genie-github/gitRepositoryLinks/dna-genie-repo 200
[debug] [2026-09-13T06:26:45.404Z] <<< [apiv2][body] GET https://developerconnect.googleapis.com/v1/projects/dna-genie/locations/us-central1/connections/dna-genie-github/gitRepositoryLinks/dna-genie-repo {"name":"projects/dna-genie/locations/us-central1/connections/dna-genie-github/gitRepositoryLinks/dna-genie-repo","cloneUri":"https://github.com/talal-nabulsi/dna-genie.git","createTime":"2026-02-25T07:16:37.559479499Z","updateTime":"2026-02-25T07:16:38.089596632Z"}
[debug] [2026-09-13T06:26:45.404Z] Checked if tokens are valid: true, expires at: 1789284401465
[debug] [2026-09-13T06:26:45.404Z] Checked if tokens are valid: true, expires at: 1789284401465
[debug] [2026-09-13T06:26:45.404Z] >>> [apiv2][query] GET https://serviceusage.googleapis.com/v1/projects/dna-genie/services/cloudresourcemanager.googleapis.com [none]
[debug] [2026-09-13T06:26:45.404Z] >>> [apiv2][(partial)header] GET https://serviceusage.googleapis.com/v1/projects/dna-genie/services/cloudresourcemanager.googleapis.com  x-goog-user-project=dna-genie
[debug] [2026-09-13T06:26:45.663Z] <<< [apiv2][status] GET https://serviceusage.googleapis.com/v1/projects/dna-genie/services/cloudresourcemanager.googleapis.com 200
[debug] [2026-09-13T06:26:45.663Z] <<< [apiv2][body] GET https://serviceusage.googleapis.com/v1/projects/dna-genie/services/cloudresourcemanager.googleapis.com [omitted]
[debug] [2026-09-13T06:26:45.667Z] Checked if tokens are valid: true, expires at: 1789284401465
[debug] [2026-09-13T06:26:45.667Z] Checked if tokens are valid: true, expires at: 1789284401465
[debug] [2026-09-13T06:26:45.667Z] >>> [apiv2][query] GET https://cloudresourcemanager.googleapis.com/v1/projects/dna-genie [none]
[debug] [2026-09-13T06:26:45.779Z] <<< [apiv2][status] GET https://cloudresourcemanager.googleapis.com/v1/projects/dna-genie 200
[debug] [2026-09-13T06:26:45.779Z] <<< [apiv2][body] GET https://cloudresourcemanager.googleapis.com/v1/projects/dna-genie {"projectNumber":"308098853164","projectId":"dna-genie","lifecycleState":"ACTIVE","name":"dna-genie","labels":{"firebase":"enabled","firebase-core":"disabled"},"createTime":"2026-02-25T06:37:02.903505Z"}
[debug] [2026-09-13T06:26:45.779Z] Checked if tokens are valid: true, expires at: 1789284401465
[debug] [2026-09-13T06:26:45.779Z] Checked if tokens are valid: true, expires at: 1789284401465
[debug] [2026-09-13T06:26:45.780Z] >>> [apiv2][query] GET https://storage.googleapis.com/storage/v1/b?project=dna-genie 
[debug] [2026-09-13T06:26:45.990Z] <<< [apiv2][status] GET https://storage.googleapis.com/storage/v1/b?project=dna-genie 200
[debug] [2026-09-13T06:26:45.990Z] <<< [apiv2][body] GET https://storage.googleapis.com/storage/v1/b?project=dna-genie {"kind":"storage#buckets"}
[info] i  apphosting: Creating Cloud Storage bucket in us-central1 to store App Hosting source code uploads at firebaseapphosting-sources-308098853164-us-central1... 
[debug] [2026-09-13T06:26:45.990Z] Checked if tokens are valid: true, expires at: 1789284401465
[debug] [2026-09-13T06:26:45.990Z] Checked if tokens are valid: true, expires at: 1789284401465
[debug] [2026-09-13T06:26:45.991Z] >>> [apiv2][query] POST https://storage.googleapis.com/storage/v1/b project=dna-genie&predefinedAcl=projectPrivate&predefinedDefaultObjectAcl=projectPrivate
[debug] [2026-09-13T06:26:45.991Z] >>> [apiv2][body] POST https://storage.googleapis.com/storage/v1/b {"name":"firebaseapphosting-sources-308098853164-us-central1","location":"us-central1","lifecycle":{"rule":[{"action":{"type":"Delete"},"condition":{"age":30}}]},"labels":{"apphosting-source-us-central1":"true"}}
[debug] [2026-09-13T06:26:46.494Z] <<< [apiv2][status] POST https://storage.googleapis.com/storage/v1/b 200
[debug] [2026-09-13T06:26:46.494Z] <<< [apiv2][body] POST https://storage.googleapis.com/storage/v1/b {"kind":"storage#bucket","selfLink":"https://www.googleapis.com/storage/v1/b/firebaseapphosting-sources-308098853164-us-central1","id":"firebaseapphosting-sources-308098853164-us-central1","name":"firebaseapphosting-sources-308098853164-us-central1","projectNumber":"308098853164","generation":"1789280806373165177","metageneration":"1","location":"US-CENTRAL1","storageClass":"STANDARD","etag":"CAE=","timeCreated":"2026-09-13T06:26:46.444Z","updated":"2026-09-13T06:26:46.444Z","acl":[{"kind":"storage#bucketAccessControl","id":"firebaseapphosting-sources-308098853164-us-central1/project-owners-308098853164","selfLink":"https://www.googleapis.com/storage/v1/b/firebaseapphosting-sources-308098853164-us-central1/acl/project-owners-308098853164","bucket":"firebaseapphosting-sources-308098853164-us-central1","entity":"project-owners-308098853164","role":"OWNER","etag":"CAE=","projectTeam":{"projectNumber":"308098853164","team":"owners"}},{"kind":"storage#bucketAccessControl","id":"firebaseapphosting-sources-308098853164-us-central1/project-editors-308098853164","selfLink":"https://www.googleapis.com/storage/v1/b/firebaseapphosting-sources-308098853164-us-central1/acl/project-editors-308098853164","bucket":"firebaseapphosting-sources-308098853164-us-central1","entity":"project-editors-308098853164","role":"OWNER","etag":"CAE=","projectTeam":{"projectNumber":"308098853164","team":"editors"}},{"kind":"storage#bucketAccessControl","id":"firebaseapphosting-sources-308098853164-us-central1/project-viewers-308098853164","selfLink":"https://www.googleapis.com/storage/v1/b/firebaseapphosting-sources-308098853164-us-central1/acl/project-viewers-308098853164","bucket":"firebaseapphosting-sources-308098853164-us-central1","entity":"project-viewers-308098853164","role":"READER","etag":"CAE=","projectTeam":{"projectNumber":"308098853164","team":"viewers"}}],"defaultObjectAcl":[{"kind":"storage#objectAccessControl","entity":"project-owners-308098853164","role":"OWNER","etag":"CAE=","projectTeam":{"projectNumber":"308098853164","team":"owners"}},{"kind":"storage#objectAccessControl","entity":"project-editors-308098853164","role":"OWNER","etag":"CAE=","projectTeam":{"projectNumber":"308098853164","team":"editors"}},{"kind":"storage#objectAccessControl","entity":"project-viewers-308098853164","role":"READER","etag":"CAE=","projectTeam":{"projectNumber":"308098853164","team":"viewers"}}],"owner":{"entity":"project-owners-308098853164"},"lifecycle":{"rule":[{"action":{"type":"Delete"},"condition":{"age":30}}]},"labels":{"apphosting-source-us-central1":"true"},"softDeletePolicy":{"retentionDurationSeconds":"604800","effectiveTime":"2026-09-13T06:26:46.444Z"},"iamConfiguration":{"bucketPolicyOnly":{"enabled":false},"uniformBucketLevelAccess":{"enabled":false},"publicAccessPrevention":"inherited"},"locationType":"region","satisfiesPZI":true}
[info] i  apphosting: Zipped source for backend dna-genie 
[info] i  apphosting: Uploading source for backend dna-genie... 
[debug] [2026-09-13T06:26:46.529Z] Checked if tokens are valid: true, expires at: 1789284401465
[debug] [2026-09-13T06:26:46.529Z] Checked if tokens are valid: true, expires at: 1789284401465
[debug] [2026-09-13T06:26:46.529Z] >>> [apiv2][query] PUT https://storage.googleapis.com/firebaseapphosting-sources-308098853164-us-central1/dna-genie--77782-4ZDcfGnipdA7-.zip [none]
[debug] [2026-09-13T06:26:46.529Z] >>> [apiv2][body] PUT https://storage.googleapis.com/firebaseapphosting-sources-308098853164-us-central1/dna-genie--77782-4ZDcfGnipdA7-.zip [stream]
[debug] [2026-09-13T06:26:46.844Z] <<< [apiv2][status] PUT https://storage.googleapis.com/firebaseapphosting-sources-308098853164-us-central1/dna-genie--77782-4ZDcfGnipdA7-.zip 200
[debug] [2026-09-13T06:26:46.844Z] <<< [apiv2][body] PUT https://storage.googleapis.com/firebaseapphosting-sources-308098853164-us-central1/dna-genie--77782-4ZDcfGnipdA7-.zip undefined
[info] i  apphosting: Uploaded at gs://firebaseapphosting-sources-308098853164-us-central1/dna-genie--77782-4ZDcfGnipdA7-.zip 
[debug] [2026-09-13T06:26:46.844Z] Checked if tokens are valid: true, expires at: 1789284401465
[debug] [2026-09-13T06:26:46.844Z] Checked if tokens are valid: true, expires at: 1789284401465
[debug] [2026-09-13T06:26:46.844Z] Checked if tokens are valid: true, expires at: 1789284401465
[debug] [2026-09-13T06:26:46.844Z] Checked if tokens are valid: true, expires at: 1789284401465
[info] i  apphosting: You may also track the rollout(s) at:
	https://console.firebase.google.com/project/dna-genie/apphosting 
[debug] [2026-09-13T06:26:46.845Z] >>> [apiv2][query] GET https://firebaseapphosting.googleapis.com/v1beta/projects/dna-genie/locations/us-central1/backends/dna-genie/rollouts 
[debug] [2026-09-13T06:26:46.845Z] >>> [apiv2][query] GET https://firebaseapphosting.googleapis.com/v1beta/projects/dna-genie/locations/us-central1/backends/dna-genie/builds 
[debug] [2026-09-13T06:26:47.197Z] <<< [apiv2][status] GET https://firebaseapphosting.googleapis.com/v1beta/projects/dna-genie/locations/us-central1/backends/dna-genie/rollouts 200
[debug] [2026-09-13T06:26:47.197Z] <<< [apiv2][body] GET https://firebaseapphosting.googleapis.com/v1beta/projects/dna-genie/locations/us-central1/backends/dna-genie/rollouts {"rollouts":[{"name":"projects/dna-genie/locations/us-central1/backends/dna-genie/rollouts/build-2026-02-25-001","createTime":"2026-02-25T07:19:20.152706401Z","updateTime":"2026-02-25T07:22:32.824944Z","state":"SUCCEEDED","build":"projects/dna-genie/locations/us-central1/backends/dna-genie/builds/build-2026-02-25-001","labels":{"deployment-tool":"cli-firebase"},"uid":"577c6473-f2de-4fa4-8d4b-066c28f911a5","etag":"a12tDVkXphYFhnX7fwEzJlXZg2abiOEHy-Kkta57qdE","reconciling":false}]}
[debug] [2026-09-13T06:26:47.286Z] <<< [apiv2][status] GET https://firebaseapphosting.googleapis.com/v1beta/projects/dna-genie/locations/us-central1/backends/dna-genie/builds 200
[debug] [2026-09-13T06:26:47.287Z] <<< [apiv2][body] GET https://firebaseapphosting.googleapis.com/v1beta/projects/dna-genie/locations/us-central1/backends/dna-genie/builds {"builds":[{"name":"projects/dna-genie/locations/us-central1/backends/dna-genie/builds/build-2026-02-25-001","state":"READY","image":"us-central1-docker.pkg.dev/dna-genie/firebaseapphosting-images/dna-genie:build-2026-02-25-001","config":{"runConfig":{"cpu":1,"memoryMib":512,"concurrency":80},"env":[{"variable":"NEXT_PUBLIC_FIREBASE_API_KEY","value":"AIzaSyCmrsLZgxYM3Dprmr_a3XgYjlkCP2_eG-o","availability":["BUILD","RUNTIME"]},{"variable":"NEXT_PUBLIC_FIREBASE_AUTH_DOMAIN","value":"dna-genie.firebaseapp.com","availability":["BUILD","RUNTIME"]},{"variable":"NEXT_PUBLIC_FIREBASE_PROJECT_ID","value":"dna-genie","availability":["BUILD","RUNTIME"]},{"variable":"NEXT_PUBLIC_FIREBASE_STORAGE_BUCKET","value":"dna-genie.firebasestorage.app","availability":["BUILD","RUNTIME"]},{"variable":"NEXT_PUBLIC_FIREBASE_MESSAGING_SENDER_ID","value":"308098853164","availability":["BUILD","RUNTIME"]},{"variable":"NEXT_PUBLIC_FIREBASE_APP_ID","value":"1:308098853164:web:03cb861c213baee65f2489","availability":["BUILD","RUNTIME"]},{"variable":"FIREBASE_CONFIG","value":"{\"databaseURL\":\"\",\"projectId\":\"dna-genie\",\"storageBucket\":\"dna-genie.firebasestorage.app\"}","availability":["BUILD","RUNTIME"]},{"variable":"FIREBASE_WEBAPP_CONFIG","value":"{\"apiKey\":\"AIzaSyCmrsLZgxYM3Dprmr_a3XgYjlkCP2_eG-o\",\"appId\":\"1:308098853164:web:03cb861c213baee65f2489\",\"authDomain\":\"dna-genie.firebaseapp.com\",\"databaseURL\":\"\",\"messagingSenderId\":\"308098853164\",\"projectId\":\"dna-genie\",\"storageBucket\":\"dna-genie.firebasestorage.app\"}","availability":["BUILD"]}],"effectiveEnv":[{"variable":"NEXT_PUBLIC_FIREBASE_API_KEY","value":"AIzaSyCmrsLZgxYM3Dprmr_a3XgYjlkCP2_eG-o","availability":["BUILD","RUNTIME"],"origin":"APPHOSTING_YAML","originFileName":"apphosting.yaml"},{"variable":"NEXT_PUBLIC_FIREBASE_AUTH_DOMAIN","value":"dna-genie.firebaseapp.com","availability":["BUILD","RUNTIME"],"origin":"APPHOSTING_YAML","originFileName":"apphosting.yaml"},{"variable":"NEXT_PUBLIC_FIREBASE_PROJECT_ID","value":"dna-genie","availability":["BUILD","RUNTIME"],"origin":"APPHOSTING_YAML","originFileName":"apphosting.yaml"},{"variable":"NEXT_PUBLIC_FIREBASE_STORAGE_BUCKET","value":"dna-genie.firebasestorage.app","availability":["BUILD","RUNTIME"],"origin":"APPHOSTING_YAML","originFileName":"apphosting.yaml"},{"variable":"NEXT_PUBLIC_FIREBASE_MESSAGING_SENDER_ID","value":"308098853164","availability":["BUILD","RUNTIME"],"origin":"APPHOSTING_YAML","originFileName":"apphosting.yaml"},{"variable":"NEXT_PUBLIC_FIREBASE_APP_ID","value":"1:308098853164:web:03cb861c213baee65f2489","availability":["BUILD","RUNTIME"],"origin":"APPHOSTING_YAML","originFileName":"apphosting.yaml"},{"variable":"FIREBASE_CONFIG","value":"{\"databaseURL\":\"\",\"projectId\":\"dna-genie\",\"storageBucket\":\"dna-genie.firebasestorage.app\"}","availability":["BUILD","RUNTIME"],"origin":"FIREBASE_SYSTEM"},{"variable":"FIREBASE_WEBAPP_CONFIG","value":"{\"apiKey\":\"AIzaSyCmrsLZgxYM3Dprmr_a3XgYjlkCP2_eG-o\",\"appId\":\"1:308098853164:web:03cb861c213baee65f2489\",\"authDomain\":\"dna-genie.firebaseapp.com\",\"databaseURL\":\"\",\"messagingSenderId\":\"308098853164\",\"projectId\":\"dna-genie\",\"storageBucket\":\"dna-genie.firebasestorage.app\"}","availability":["BUILD"],"origin":"FIREBASE_SYSTEM"}]},"source":{"codebase":{"commit":"ffc9dcfb1ef70d70535086265ae66bb78b176799","displayName":"ffc9dcfb1ef70d70535086265ae66bb78b176799","hash":"ffc9dcfb1ef70d70535086265ae66bb78b176799","commitMessage":"Add Firebase App Hosting config with env vars","uri":"https://github.com/talal-nabulsi/dna-genie/commit/ffc9dcfb1ef70d70535086265ae66bb78b176799","author":{"displayName":"talal-nabulsi","email":"talal.nabulsi5@gmail.com"},"commitTime":"2026-02-25T07:18:02Z"}},"buildLogsUri":"https://console.cloud.google.com/cloud-build/builds;region=us-central1/fc578af9-bb34-4ab1-9e9b-c3f7ebf66d84?project=308098853164","createTime":"2026-02-25T07:19:18.616215323Z","updateTime":"2026-02-25T07:22:31.785104Z","labels":{"deployment-tool":"cli-firebase"},"uid":"c30dfd81-e7b2-4d27-becb-ddc087c5ed66","etag":"9lklCqBIrgaXI4jiG-OWozGOzVcXZKTk3iQWVLbfVCk","reconciling":false}]}
[debug] [2026-09-13T06:26:47.287Z] Checked if tokens are valid: true, expires at: 1789284401465
[debug] [2026-09-13T06:26:47.287Z] Checked if tokens are valid: true, expires at: 1789284401465
[debug] [2026-09-13T06:26:47.287Z] >>> [apiv2][query] POST https://firebaseapphosting.googleapis.com/v1beta/projects/dna-genie/locations/us-central1/backends/dna-genie/builds buildId=build-2026-09-13-001
[debug] [2026-09-13T06:26:47.287Z] >>> [apiv2][body] POST https://firebaseapphosting.googleapis.com/v1beta/projects/dna-genie/locations/us-central1/backends/dna-genie/builds {"source":{"archive":{"userStorageUri":"gs://firebaseapphosting-sources-308098853164-us-central1/dna-genie--77782-4ZDcfGnipdA7-.zip","rootDirectory":"/","locallyBuiltSource":false}},"labels":{"deployment-tool":"cli-firebase"}}
[debug] [2026-09-13T06:26:47.691Z] <<< [apiv2][status] POST https://firebaseapphosting.googleapis.com/v1beta/projects/dna-genie/locations/us-central1/backends/dna-genie/builds 200
[debug] [2026-09-13T06:26:47.691Z] <<< [apiv2][body] POST https://firebaseapphosting.googleapis.com/v1beta/projects/dna-genie/locations/us-central1/backends/dna-genie/builds {"name":"projects/dna-genie/locations/us-central1/operations/operation-1789280807607-65b5766f0dc07-05380ebf-03286301","metadata":{"@type":"type.googleapis.com/google.firebase.apphosting.v1beta.OperationMetadata","createTime":"2026-09-13T06:26:47.646583425Z","target":"projects/dna-genie/locations/us-central1/backends/dna-genie/builds/build-2026-09-13-001","verb":"create","requestedCancellation":false,"apiVersion":"v1beta"},"done":false}
[debug] [2026-09-13T06:26:47.692Z] Checked if tokens are valid: true, expires at: 1789284401465
[debug] [2026-09-13T06:26:47.692Z] Checked if tokens are valid: true, expires at: 1789284401465
[debug] [2026-09-13T06:26:47.692Z] >>> [apiv2][query] POST https://firebaseapphosting.googleapis.com/v1beta/projects/dna-genie/locations/us-central1/backends/dna-genie/rollouts rolloutId=build-2026-09-13-001&validateOnly=true
[debug] [2026-09-13T06:26:47.692Z] >>> [apiv2][body] POST https://firebaseapphosting.googleapis.com/v1beta/projects/dna-genie/locations/us-central1/backends/dna-genie/rollouts {"build":"projects/dna-genie/locations/us-central1/backends/dna-genie/builds/build-2026-09-13-001","labels":{"deployment-tool":"cli-firebase"}}
[debug] [2026-09-13T06:26:48.044Z] <<< [apiv2][status] POST https://firebaseapphosting.googleapis.com/v1beta/projects/dna-genie/locations/us-central1/backends/dna-genie/rollouts 200
[debug] [2026-09-13T06:26:48.044Z] <<< [apiv2][body] POST https://firebaseapphosting.googleapis.com/v1beta/projects/dna-genie/locations/us-central1/backends/dna-genie/rollouts {"name":"","metadata":{},"done":true}
[debug] [2026-09-13T06:26:48.044Z] Checked if tokens are valid: true, expires at: 1789284401465
[debug] [2026-09-13T06:26:48.044Z] Checked if tokens are valid: true, expires at: 1789284401465
[debug] [2026-09-13T06:26:48.044Z] >>> [apiv2][query] POST https://firebaseapphosting.googleapis.com/v1beta/projects/dna-genie/locations/us-central1/backends/dna-genie/rollouts rolloutId=build-2026-09-13-001&validateOnly=false
[debug] [2026-09-13T06:26:48.044Z] >>> [apiv2][body] POST https://firebaseapphosting.googleapis.com/v1beta/projects/dna-genie/locations/us-central1/backends/dna-genie/rollouts {"build":"projects/dna-genie/locations/us-central1/backends/dna-genie/builds/build-2026-09-13-001","labels":{"deployment-tool":"cli-firebase"}}
[debug] [2026-09-13T06:26:48.372Z] <<< [apiv2][status] POST https://firebaseapphosting.googleapis.com/v1beta/projects/dna-genie/locations/us-central1/backends/dna-genie/rollouts 200
[debug] [2026-09-13T06:26:48.372Z] <<< [apiv2][body] POST https://firebaseapphosting.googleapis.com/v1beta/projects/dna-genie/locations/us-central1/backends/dna-genie/rollouts {"name":"projects/dna-genie/locations/us-central1/operations/operation-1789280808322-65b5766fbc6f9-1bdf8cd3-b71d86bb","metadata":{"@type":"type.googleapis.com/google.firebase.apphosting.v1beta.OperationMetadata","createTime":"2026-09-13T06:26:48.338983590Z","target":"projects/dna-genie/locations/us-central1/backends/dna-genie/rollouts/build-2026-09-13-001","verb":"create","requestedCancellation":false,"apiVersion":"v1beta"},"done":false}
[debug] [2026-09-13T06:26:48.373Z] Checked if tokens are valid: true, expires at: 1789284401465
[debug] [2026-09-13T06:26:48.373Z] Checked if tokens are valid: true, expires at: 1789284401465
[debug] [2026-09-13T06:26:48.373Z] Checked if tokens are valid: true, expires at: 1789284401465
[debug] [2026-09-13T06:26:48.373Z] Checked if tokens are valid: true, expires at: 1789284401465
[debug] [2026-09-13T06:26:48.373Z] >>> [apiv2][query] GET https://firebaseapphosting.googleapis.com/v1beta/projects/dna-genie/locations/us-central1/operations/operation-1789280808322-65b5766fbc6f9-1bdf8cd3-b71d86bb [none]
[debug] [2026-09-13T06:26:48.373Z] >>> [apiv2][query] GET https://firebaseapphosting.googleapis.com/v1beta/projects/dna-genie/locations/us-central1/operations/operation-1789280807607-65b5766f0dc07-05380ebf-03286301 [none]
[debug] [2026-09-13T06:26:48.696Z] <<< [apiv2][status] GET https://firebaseapphosting.googleapis.com/v1beta/projects/dna-genie/locations/us-central1/operations/operation-1789280808322-65b5766fbc6f9-1bdf8cd3-b71d86bb 200
[debug] [2026-09-13T06:26:48.697Z] <<< [apiv2][body] GET https://firebaseapphosting.googleapis.com/v1beta/projects/dna-genie/locations/us-central1/operations/operation-1789280808322-65b5766fbc6f9-1bdf8cd3-b71d86bb {"name":"projects/dna-genie/locations/us-central1/operations/operation-1789280808322-65b5766fbc6f9-1bdf8cd3-b71d86bb","metadata":{"@type":"type.googleapis.com/google.firebase.apphosting.v1beta.OperationMetadata","createTime":"2026-09-13T06:26:48.338983590Z","endTime":"2026-09-13T06:26:48.379391024Z","target":"projects/dna-genie/locations/us-central1/backends/dna-genie/rollouts/build-2026-09-13-001","verb":"create","requestedCancellation":false,"apiVersion":"v1beta"},"done":true,"response":{"@type":"type.googleapis.com/google.firebase.apphosting.v1beta.Rollout","name":"projects/dna-genie/locations/us-central1/backends/dna-genie/rollouts/build-2026-09-13-001","createTime":"2026-09-13T06:26:48.332120001Z","updateTime":"2026-09-13T06:26:48.376407Z","state":"QUEUED","build":"projects/dna-genie/locations/us-central1/backends/dna-genie/builds/build-2026-09-13-001","labels":{"deployment-tool":"cli-firebase"},"uid":"b3ecd99e-7f49-42d4-bb9d-e2ea8325e547","etag":"0erzsEQuYRbwZOQQog7VoBP3skfZpKOzxPEy2GPncuc","reconciling":false}}
[debug] [2026-09-13T06:26:48.717Z] <<< [apiv2][status] GET https://firebaseapphosting.googleapis.com/v1beta/projects/dna-genie/locations/us-central1/operations/operation-1789280807607-65b5766f0dc07-05380ebf-03286301 200
[debug] [2026-09-13T06:26:48.718Z] <<< [apiv2][body] GET https://firebaseapphosting.googleapis.com/v1beta/projects/dna-genie/locations/us-central1/operations/operation-1789280807607-65b5766f0dc07-05380ebf-03286301 {"name":"projects/dna-genie/locations/us-central1/operations/operation-1789280807607-65b5766f0dc07-05380ebf-03286301","metadata":{"@type":"type.googleapis.com/google.firebase.apphosting.v1beta.OperationMetadata","createTime":"2026-09-13T06:26:47.646583425Z","target":"projects/dna-genie/locations/us-central1/backends/dna-genie/builds/build-2026-09-13-001","verb":"create","requestedCancellation":false,"apiVersion":"v1beta"},"done":false}
[debug] [2026-09-13T06:26:49.220Z] [create-dna-genie-us-central1-backend-dna-genie-build-build-2026-09-13-001] Retrying task index 0
[debug] [2026-09-13T06:26:49.220Z] Checked if tokens are valid: true, expires at: 1789284401465
[debug] [2026-09-13T06:26:49.220Z] Checked if tokens are valid: true, expires at: 1789284401465
[debug] [2026-09-13T06:26:49.220Z] >>> [apiv2][query] GET https://firebaseapphosting.googleapis.com/v1beta/projects/dna-genie/locations/us-central1/operations/operation-1789280807607-65b5766f0dc07-05380ebf-03286301 [none]
[debug] [2026-09-13T06:26:49.535Z] <<< [apiv2][status] GET https://firebaseapphosting.googleapis.com/v1beta/projects/dna-genie/locations/us-central1/operations/operation-1789280807607-65b5766f0dc07-05380ebf-03286301 200
[debug] [2026-09-13T06:26:49.535Z] <<< [apiv2][body] GET https://firebaseapphosting.googleapis.com/v1beta/projects/dna-genie/locations/us-central1/operations/operation-1789280807607-65b5766f0dc07-05380ebf-03286301 {"name":"projects/dna-genie/locations/us-central1/operations/operation-1789280807607-65b5766f0dc07-05380ebf-03286301","metadata":{"@type":"type.googleapis.com/google.firebase.apphosting.v1beta.OperationMetadata","createTime":"2026-09-13T06:26:47.646583425Z","target":"projects/dna-genie/locations/us-central1/backends/dna-genie/builds/build-2026-09-13-001","verb":"create","requestedCancellation":false,"apiVersion":"v1beta"},"done":false}
[debug] [2026-09-13T06:26:50.536Z] [create-dna-genie-us-central1-backend-dna-genie-build-build-2026-09-13-001] Retrying task index 0
[debug] [2026-09-13T06:26:50.537Z] Checked if tokens are valid: true, expires at: 1789284401465
[debug] [2026-09-13T06:26:50.537Z] Checked if tokens are valid: true, expires at: 1789284401465
[debug] [2026-09-13T06:26:50.537Z] >>> [apiv2][query] GET https://firebaseapphosting.googleapis.com/v1beta/projects/dna-genie/locations/us-central1/operations/operation-1789280807607-65b5766f0dc07-05380ebf-03286301 [none]
[debug] [2026-09-13T06:26:50.671Z] <<< [apiv2][status] GET https://firebaseapphosting.googleapis.com/v1beta/projects/dna-genie/locations/us-central1/operations/operation-1789280807607-65b5766f0dc07-05380ebf-03286301 200
[debug] [2026-09-13T06:26:50.671Z] <<< [apiv2][body] GET https://firebaseapphosting.googleapis.com/v1beta/projects/dna-genie/locations/us-central1/operations/operation-1789280807607-65b5766f0dc07-05380ebf-03286301 {"name":"projects/dna-genie/locations/us-central1/operations/operation-1789280807607-65b5766f0dc07-05380ebf-03286301","metadata":{"@type":"type.googleapis.com/google.firebase.apphosting.v1beta.OperationMetadata","createTime":"2026-09-13T06:26:47.646583425Z","target":"projects/dna-genie/locations/us-central1/backends/dna-genie/builds/build-2026-09-13-001","verb":"create","requestedCancellation":false,"apiVersion":"v1beta"},"done":false}
[debug] [2026-09-13T06:26:52.671Z] [create-dna-genie-us-central1-backend-dna-genie-build-build-2026-09-13-001] Retrying task index 0
[debug] [2026-09-13T06:26:52.672Z] Checked if tokens are valid: true, expires at: 1789284401465
[debug] [2026-09-13T06:26:52.672Z] Checked if tokens are valid: true, expires at: 1789284401465
[debug] [2026-09-13T06:26:52.672Z] >>> [apiv2][query] GET https://firebaseapphosting.googleapis.com/v1beta/projects/dna-genie/locations/us-central1/operations/operation-1789280807607-65b5766f0dc07-05380ebf-03286301 [none]
[debug] [2026-09-13T06:26:53.000Z] <<< [apiv2][status] GET https://firebaseapphosting.googleapis.com/v1beta/projects/dna-genie/locations/us-central1/operations/operation-1789280807607-65b5766f0dc07-05380ebf-03286301 200
[debug] [2026-09-13T06:26:53.000Z] <<< [apiv2][body] GET https://firebaseapphosting.googleapis.com/v1beta/projects/dna-genie/locations/us-central1/operations/operation-1789280807607-65b5766f0dc07-05380ebf-03286301 {"name":"projects/dna-genie/locations/us-central1/operations/operation-1789280807607-65b5766f0dc07-05380ebf-03286301","metadata":{"@type":"type.googleapis.com/google.firebase.apphosting.v1beta.OperationMetadata","createTime":"2026-09-13T06:26:47.646583425Z","target":"projects/dna-genie/locations/us-central1/backends/dna-genie/builds/build-2026-09-13-001","verb":"create","requestedCancellation":false,"apiVersion":"v1beta"},"done":false}
[debug] [2026-09-13T06:26:57.002Z] [create-dna-genie-us-central1-backend-dna-genie-build-build-2026-09-13-001] Retrying task index 0
[debug] [2026-09-13T06:26:57.002Z] Checked if tokens are valid: true, expires at: 1789284401465
[debug] [2026-09-13T06:26:57.002Z] Checked if tokens are valid: true, expires at: 1789284401465
[debug] [2026-09-13T06:26:57.002Z] >>> [apiv2][query] GET https://firebaseapphosting.googleapis.com/v1beta/projects/dna-genie/locations/us-central1/operations/operation-1789280807607-65b5766f0dc07-05380ebf-03286301 [none]
[debug] [2026-09-13T06:26:57.313Z] <<< [apiv2][status] GET https://firebaseapphosting.googleapis.com/v1beta/projects/dna-genie/locations/us-central1/operations/operation-1789280807607-65b5766f0dc07-05380ebf-03286301 200
[debug] [2026-09-13T06:26:57.313Z] <<< [apiv2][body] GET https://firebaseapphosting.googleapis.com/v1beta/projects/dna-genie/locations/us-central1/operations/operation-1789280807607-65b5766f0dc07-05380ebf-03286301 {"name":"projects/dna-genie/locations/us-central1/operations/operation-1789280807607-65b5766f0dc07-05380ebf-03286301","metadata":{"@type":"type.googleapis.com/google.firebase.apphosting.v1beta.OperationMetadata","createTime":"2026-09-13T06:26:47.646583425Z","target":"projects/dna-genie/locations/us-central1/backends/dna-genie/builds/build-2026-09-13-001","verb":"create","requestedCancellation":false,"apiVersion":"v1beta"},"done":false}
[debug] [2026-09-13T06:27:05.314Z] [create-dna-genie-us-central1-backend-dna-genie-build-build-2026-09-13-001] Retrying task index 0
[debug] [2026-09-13T06:27:05.315Z] Checked if tokens are valid: true, expires at: 1789284401465
[debug] [2026-09-13T06:27:05.315Z] Checked if tokens are valid: true, expires at: 1789284401465
[debug] [2026-09-13T06:27:05.315Z] >>> [apiv2][query] GET https://firebaseapphosting.googleapis.com/v1beta/projects/dna-genie/locations/us-central1/operations/operation-1789280807607-65b5766f0dc07-05380ebf-03286301 [none]
[debug] [2026-09-13T06:27:05.730Z] <<< [apiv2][status] GET https://firebaseapphosting.googleapis.com/v1beta/projects/dna-genie/locations/us-central1/operations/operation-1789280807607-65b5766f0dc07-05380ebf-03286301 200
[debug] [2026-09-13T06:27:05.730Z] <<< [apiv2][body] GET https://firebaseapphosting.googleapis.com/v1beta/projects/dna-genie/locations/us-central1/operations/operation-1789280807607-65b5766f0dc07-05380ebf-03286301 {"name":"projects/dna-genie/locations/us-central1/operations/operation-1789280807607-65b5766f0dc07-05380ebf-03286301","metadata":{"@type":"type.googleapis.com/google.firebase.apphosting.v1beta.OperationMetadata","createTime":"2026-09-13T06:26:47.646583425Z","target":"projects/dna-genie/locations/us-central1/backends/dna-genie/builds/build-2026-09-13-001","verb":"create","requestedCancellation":false,"apiVersion":"v1beta"},"done":false}
[debug] [2026-09-13T06:27:15.732Z] [create-dna-genie-us-central1-backend-dna-genie-build-build-2026-09-13-001] Retrying task index 0
[debug] [2026-09-13T06:27:15.733Z] Checked if tokens are valid: true, expires at: 1789284401465
[debug] [2026-09-13T06:27:15.733Z] Checked if tokens are valid: true, expires at: 1789284401465
[debug] [2026-09-13T06:27:15.733Z] >>> [apiv2][query] GET https://firebaseapphosting.googleapis.com/v1beta/projects/dna-genie/locations/us-central1/operations/operation-1789280807607-65b5766f0dc07-05380ebf-03286301 [none]
[debug] [2026-09-13T06:27:16.173Z] <<< [apiv2][status] GET https://firebaseapphosting.googleapis.com/v1beta/projects/dna-genie/locations/us-central1/operations/operation-1789280807607-65b5766f0dc07-05380ebf-03286301 200
[debug] [2026-09-13T06:27:16.174Z] <<< [apiv2][body] GET https://firebaseapphosting.googleapis.com/v1beta/projects/dna-genie/locations/us-central1/operations/operation-1789280807607-65b5766f0dc07-05380ebf-03286301 {"name":"projects/dna-genie/locations/us-central1/operations/operation-1789280807607-65b5766f0dc07-05380ebf-03286301","metadata":{"@type":"type.googleapis.com/google.firebase.apphosting.v1beta.OperationMetadata","createTime":"2026-09-13T06:26:47.646583425Z","target":"projects/dna-genie/locations/us-central1/backends/dna-genie/builds/build-2026-09-13-001","verb":"create","requestedCancellation":false,"apiVersion":"v1beta"},"done":false}
[debug] [2026-09-13T06:27:26.174Z] [create-dna-genie-us-central1-backend-dna-genie-build-build-2026-09-13-001] Retrying task index 0
[debug] [2026-09-13T06:27:26.175Z] Checked if tokens are valid: true, expires at: 1789284401465
[debug] [2026-09-13T06:27:26.175Z] Checked if tokens are valid: true, expires at: 1789284401465
[debug] [2026-09-13T06:27:26.175Z] >>> [apiv2][query] GET https://firebaseapphosting.googleapis.com/v1beta/projects/dna-genie/locations/us-central1/operations/operation-1789280807607-65b5766f0dc07-05380ebf-03286301 [none]
[debug] [2026-09-13T06:27:26.612Z] <<< [apiv2][status] GET https://firebaseapphosting.googleapis.com/v1beta/projects/dna-genie/locations/us-central1/operations/operation-1789280807607-65b5766f0dc07-05380ebf-03286301 200
[debug] [2026-09-13T06:27:26.612Z] <<< [apiv2][body] GET https://firebaseapphosting.googleapis.com/v1beta/projects/dna-genie/locations/us-central1/operations/operation-1789280807607-65b5766f0dc07-05380ebf-03286301 {"name":"projects/dna-genie/locations/us-central1/operations/operation-1789280807607-65b5766f0dc07-05380ebf-03286301","metadata":{"@type":"type.googleapis.com/google.firebase.apphosting.v1beta.OperationMetadata","createTime":"2026-09-13T06:26:47.646583425Z","target":"projects/dna-genie/locations/us-central1/backends/dna-genie/builds/build-2026-09-13-001","verb":"create","requestedCancellation":false,"apiVersion":"v1beta"},"done":false}
[debug] [2026-09-13T06:27:36.613Z] [create-dna-genie-us-central1-backend-dna-genie-build-build-2026-09-13-001] Retrying task index 0
[debug] [2026-09-13T06:27:36.614Z] Checked if tokens are valid: true, expires at: 1789284401465
[debug] [2026-09-13T06:27:36.614Z] Checked if tokens are valid: true, expires at: 1789284401465
[debug] [2026-09-13T06:27:36.614Z] >>> [apiv2][query] GET https://firebaseapphosting.googleapis.com/v1beta/projects/dna-genie/locations/us-central1/operations/operation-1789280807607-65b5766f0dc07-05380ebf-03286301 [none]
[debug] [2026-09-13T06:27:36.986Z] <<< [apiv2][status] GET https://firebaseapphosting.googleapis.com/v1beta/projects/dna-genie/locations/us-central1/operations/operation-1789280807607-65b5766f0dc07-05380ebf-03286301 200
[debug] [2026-09-13T06:27:36.987Z] <<< [apiv2][body] GET https://firebaseapphosting.googleapis.com/v1beta/projects/dna-genie/locations/us-central1/operations/operation-1789280807607-65b5766f0dc07-05380ebf-03286301 {"name":"projects/dna-genie/locations/us-central1/operations/operation-1789280807607-65b5766f0dc07-05380ebf-03286301","metadata":{"@type":"type.googleapis.com/google.firebase.apphosting.v1beta.OperationMetadata","createTime":"2026-09-13T06:26:47.646583425Z","target":"projects/dna-genie/locations/us-central1/backends/dna-genie/builds/build-2026-09-13-001","verb":"create","requestedCancellation":false,"apiVersion":"v1beta"},"done":false}
[debug] [2026-09-13T06:27:46.988Z] [create-dna-genie-us-central1-backend-dna-genie-build-build-2026-09-13-001] Retrying task index 0
[debug] [2026-09-13T06:27:46.988Z] Checked if tokens are valid: true, expires at: 1789284401465
[debug] [2026-09-13T06:27:46.988Z] Checked if tokens are valid: true, expires at: 1789284401465
[debug] [2026-09-13T06:27:46.988Z] >>> [apiv2][query] GET https://firebaseapphosting.googleapis.com/v1beta/projects/dna-genie/locations/us-central1/operations/operation-1789280807607-65b5766f0dc07-05380ebf-03286301 [none]
[debug] [2026-09-13T06:27:47.400Z] <<< [apiv2][status] GET https://firebaseapphosting.googleapis.com/v1beta/projects/dna-genie/locations/us-central1/operations/operation-1789280807607-65b5766f0dc07-05380ebf-03286301 200
[debug] [2026-09-13T06:27:47.400Z] <<< [apiv2][body] GET https://firebaseapphosting.googleapis.com/v1beta/projects/dna-genie/locations/us-central1/operations/operation-1789280807607-65b5766f0dc07-05380ebf-03286301 {"name":"projects/dna-genie/locations/us-central1/operations/operation-1789280807607-65b5766f0dc07-05380ebf-03286301","metadata":{"@type":"type.googleapis.com/google.firebase.apphosting.v1beta.OperationMetadata","createTime":"2026-09-13T06:26:47.646583425Z","target":"projects/dna-genie/locations/us-central1/backends/dna-genie/builds/build-2026-09-13-001","verb":"create","requestedCancellation":false,"apiVersion":"v1beta"},"done":false}
[debug] [2026-09-13T06:27:57.401Z] [create-dna-genie-us-central1-backend-dna-genie-build-build-2026-09-13-001] Retrying task index 0
[debug] [2026-09-13T06:27:57.401Z] Checked if tokens are valid: true, expires at: 1789284401465
[debug] [2026-09-13T06:27:57.401Z] Checked if tokens are valid: true, expires at: 1789284401465
[debug] [2026-09-13T06:27:57.401Z] >>> [apiv2][query] GET https://firebaseapphosting.googleapis.com/v1beta/projects/dna-genie/locations/us-central1/operations/operation-1789280807607-65b5766f0dc07-05380ebf-03286301 [none]
[debug] [2026-09-13T06:27:57.846Z] <<< [apiv2][status] GET https://firebaseapphosting.googleapis.com/v1beta/projects/dna-genie/locations/us-central1/operations/operation-1789280807607-65b5766f0dc07-05380ebf-03286301 200
[debug] [2026-09-13T06:27:57.846Z] <<< [apiv2][body] GET https://firebaseapphosting.googleapis.com/v1beta/projects/dna-genie/locations/us-central1/operations/operation-1789280807607-65b5766f0dc07-05380ebf-03286301 {"name":"projects/dna-genie/locations/us-central1/operations/operation-1789280807607-65b5766f0dc07-05380ebf-03286301","metadata":{"@type":"type.googleapis.com/google.firebase.apphosting.v1beta.OperationMetadata","createTime":"2026-09-13T06:26:47.646583425Z","target":"projects/dna-genie/locations/us-central1/backends/dna-genie/builds/build-2026-09-13-001","verb":"create","requestedCancellation":false,"apiVersion":"v1beta"},"done":false}
[debug] [2026-09-13T06:28:07.848Z] [create-dna-genie-us-central1-backend-dna-genie-build-build-2026-09-13-001] Retrying task index 0
[debug] [2026-09-13T06:28:07.848Z] Checked if tokens are valid: true, expires at: 1789284401465
[debug] [2026-09-13T06:28:07.849Z] Checked if tokens are valid: true, expires at: 1789284401465
[debug] [2026-09-13T06:28:07.849Z] >>> [apiv2][query] GET https://firebaseapphosting.googleapis.com/v1beta/projects/dna-genie/locations/us-central1/operations/operation-1789280807607-65b5766f0dc07-05380ebf-03286301 [none]
[debug] [2026-09-13T06:28:08.210Z] <<< [apiv2][status] GET https://firebaseapphosting.googleapis.com/v1beta/projects/dna-genie/locations/us-central1/operations/operation-1789280807607-65b5766f0dc07-05380ebf-03286301 200
[debug] [2026-09-13T06:28:08.210Z] <<< [apiv2][body] GET https://firebaseapphosting.googleapis.com/v1beta/projects/dna-genie/locations/us-central1/operations/operation-1789280807607-65b5766f0dc07-05380ebf-03286301 {"name":"projects/dna-genie/locations/us-central1/operations/operation-1789280807607-65b5766f0dc07-05380ebf-03286301","metadata":{"@type":"type.googleapis.com/google.firebase.apphosting.v1beta.OperationMetadata","createTime":"2026-09-13T06:26:47.646583425Z","target":"projects/dna-genie/locations/us-central1/backends/dna-genie/builds/build-2026-09-13-001","verb":"create","requestedCancellation":false,"apiVersion":"v1beta"},"done":false}
[debug] [2026-09-13T06:28:18.212Z] [create-dna-genie-us-central1-backend-dna-genie-build-build-2026-09-13-001] Retrying task index 0
[debug] [2026-09-13T06:28:18.212Z] Checked if tokens are valid: true, expires at: 1789284401465
[debug] [2026-09-13T06:28:18.212Z] Checked if tokens are valid: true, expires at: 1789284401465
[debug] [2026-09-13T06:28:18.212Z] >>> [apiv2][query] GET https://firebaseapphosting.googleapis.com/v1beta/projects/dna-genie/locations/us-central1/operations/operation-1789280807607-65b5766f0dc07-05380ebf-03286301 [none]
[debug] [2026-09-13T06:28:18.592Z] <<< [apiv2][status] GET https://firebaseapphosting.googleapis.com/v1beta/projects/dna-genie/locations/us-central1/operations/operation-1789280807607-65b5766f0dc07-05380ebf-03286301 200
[debug] [2026-09-13T06:28:18.592Z] <<< [apiv2][body] GET https://firebaseapphosting.googleapis.com/v1beta/projects/dna-genie/locations/us-central1/operations/operation-1789280807607-65b5766f0dc07-05380ebf-03286301 {"name":"projects/dna-genie/locations/us-central1/operations/operation-1789280807607-65b5766f0dc07-05380ebf-03286301","metadata":{"@type":"type.googleapis.com/google.firebase.apphosting.v1beta.OperationMetadata","createTime":"2026-09-13T06:26:47.646583425Z","target":"projects/dna-genie/locations/us-central1/backends/dna-genie/builds/build-2026-09-13-001","verb":"create","requestedCancellation":false,"apiVersion":"v1beta"},"done":false}
[debug] [2026-09-13T06:28:28.594Z] [create-dna-genie-us-central1-backend-dna-genie-build-build-2026-09-13-001] Retrying task index 0
[debug] [2026-09-13T06:28:28.595Z] Checked if tokens are valid: true, expires at: 1789284401465
[debug] [2026-09-13T06:28:28.595Z] Checked if tokens are valid: true, expires at: 1789284401465
[debug] [2026-09-13T06:28:28.595Z] >>> [apiv2][query] GET https://firebaseapphosting.googleapis.com/v1beta/projects/dna-genie/locations/us-central1/operations/operation-1789280807607-65b5766f0dc07-05380ebf-03286301 [none]
[debug] [2026-09-13T06:28:29.078Z] <<< [apiv2][status] GET https://firebaseapphosting.googleapis.com/v1beta/projects/dna-genie/locations/us-central1/operations/operation-1789280807607-65b5766f0dc07-05380ebf-03286301 200
[debug] [2026-09-13T06:28:29.079Z] <<< [apiv2][body] GET https://firebaseapphosting.googleapis.com/v1beta/projects/dna-genie/locations/us-central1/operations/operation-1789280807607-65b5766f0dc07-05380ebf-03286301 {"name":"projects/dna-genie/locations/us-central1/operations/operation-1789280807607-65b5766f0dc07-05380ebf-03286301","metadata":{"@type":"type.googleapis.com/google.firebase.apphosting.v1beta.OperationMetadata","createTime":"2026-09-13T06:26:47.646583425Z","target":"projects/dna-genie/locations/us-central1/backends/dna-genie/builds/build-2026-09-13-001","verb":"create","requestedCancellation":false,"apiVersion":"v1beta"},"done":false}
[debug] [2026-09-13T06:28:39.079Z] [create-dna-genie-us-central1-backend-dna-genie-build-build-2026-09-13-001] Retrying task index 0
[debug] [2026-09-13T06:28:39.080Z] Checked if tokens are valid: true, expires at: 1789284401465
[debug] [2026-09-13T06:28:39.080Z] Checked if tokens are valid: true, expires at: 1789284401465
[debug] [2026-09-13T06:28:39.080Z] >>> [apiv2][query] GET https://firebaseapphosting.googleapis.com/v1beta/projects/dna-genie/locations/us-central1/operations/operation-1789280807607-65b5766f0dc07-05380ebf-03286301 [none]
[debug] [2026-09-13T06:28:39.522Z] <<< [apiv2][status] GET https://firebaseapphosting.googleapis.com/v1beta/projects/dna-genie/locations/us-central1/operations/operation-1789280807607-65b5766f0dc07-05380ebf-03286301 200
[debug] [2026-09-13T06:28:39.522Z] <<< [apiv2][body] GET https://firebaseapphosting.googleapis.com/v1beta/projects/dna-genie/locations/us-central1/operations/operation-1789280807607-65b5766f0dc07-05380ebf-03286301 {"name":"projects/dna-genie/locations/us-central1/operations/operation-1789280807607-65b5766f0dc07-05380ebf-03286301","metadata":{"@type":"type.googleapis.com/google.firebase.apphosting.v1beta.OperationMetadata","createTime":"2026-09-13T06:26:47.646583425Z","target":"projects/dna-genie/locations/us-central1/backends/dna-genie/builds/build-2026-09-13-001","verb":"create","requestedCancellation":false,"apiVersion":"v1beta"},"done":false}
[debug] [2026-09-13T06:28:49.524Z] [create-dna-genie-us-central1-backend-dna-genie-build-build-2026-09-13-001] Retrying task index 0
[debug] [2026-09-13T06:28:49.524Z] Checked if tokens are valid: true, expires at: 1789284401465
[debug] [2026-09-13T06:28:49.524Z] Checked if tokens are valid: true, expires at: 1789284401465
[debug] [2026-09-13T06:28:49.524Z] >>> [apiv2][query] GET https://firebaseapphosting.googleapis.com/v1beta/projects/dna-genie/locations/us-central1/operations/operation-1789280807607-65b5766f0dc07-05380ebf-03286301 [none]
[debug] [2026-09-13T06:28:49.903Z] <<< [apiv2][status] GET https://firebaseapphosting.googleapis.com/v1beta/projects/dna-genie/locations/us-central1/operations/operation-1789280807607-65b5766f0dc07-05380ebf-03286301 200
[debug] [2026-09-13T06:28:49.903Z] <<< [apiv2][body] GET https://firebaseapphosting.googleapis.com/v1beta/projects/dna-genie/locations/us-central1/operations/operation-1789280807607-65b5766f0dc07-05380ebf-03286301 {"name":"projects/dna-genie/locations/us-central1/operations/operation-1789280807607-65b5766f0dc07-05380ebf-03286301","metadata":{"@type":"type.googleapis.com/google.firebase.apphosting.v1beta.OperationMetadata","createTime":"2026-09-13T06:26:47.646583425Z","target":"projects/dna-genie/locations/us-central1/backends/dna-genie/builds/build-2026-09-13-001","verb":"create","requestedCancellation":false,"apiVersion":"v1beta"},"done":false}
